V3 6
FL /home/student2/j6dai/coe758/pong/draw.vhd 2022/11/28.15:54:56 O.87xd
EN work/draw 0 FL /home/student2/j6dai/coe758/pong/draw.vhd PB ieee/std_logic_1164 1325952872
AR work/draw/Behavioral 0 \
      FL /home/student2/j6dai/coe758/pong/draw.vhd EN work/draw 0
FL /home/student2/j6dai/coe758/pong/pong.vhd 2022/12/01.12:16:55 O.87xd
EN work/pong 1669915021 FL /home/student2/j6dai/coe758/pong/pong.vhd \
      PB ieee/std_logic_1164 1325952872 PB ieee/NUMERIC_STD 1325952877
AR work/pong/Behavioral 1669915022 \
      FL /home/student2/j6dai/coe758/pong/pong.vhd EN work/pong 1669915021
